[0.576s] Invoking command in '/home/a/task7_individual/build/my_pkg': DEBUGINFOD_URLS=https://debuginfod.ubuntu.com PYTHONPATH=/home/a/task7_individual/build/my_pkg/prefix_override:/usr/lib/python3/dist-packages/colcon_core/task/python/colcon_distutils_commands:/home/a/task7_individual/install/my_pkg/lib/python3.12/site-packages:${PYTHONPATH} /usr/bin/python3 -W ignore:setup.py install is deprecated -W ignore:easy_install command is deprecated setup.py develop --uninstall --editable --build-directory /home/a/task7_individual/build/my_pkg/build
[0.788s] running develop
[0.930s] Removing /home/a/task7_individual/install/my_pkg/lib/python3.12/site-packages/my-pkg.egg-link (link to .)
[0.955s] Invoked command in '/home/a/task7_individual/build/my_pkg' returned '0': DEBUGINFOD_URLS=https://debuginfod.ubuntu.com PYTHONPATH=/home/a/task7_individual/build/my_pkg/prefix_override:/usr/lib/python3/dist-packages/colcon_core/task/python/colcon_distutils_commands:/home/a/task7_individual/install/my_pkg/lib/python3.12/site-packages:${PYTHONPATH} /usr/bin/python3 -W ignore:setup.py install is deprecated -W ignore:easy_install command is deprecated setup.py develop --uninstall --editable --build-directory /home/a/task7_individual/build/my_pkg/build
[0.956s] Invoking command in '/home/a/task7_individual/src/my_pkg': DEBUGINFOD_URLS=https://debuginfod.ubuntu.com PYTHONPATH=/home/a/task7_individual/build/my_pkg/prefix_override:/usr/lib/python3/dist-packages/colcon_core/task/python/colcon_distutils_commands:/home/a/task7_individual/install/my_pkg/lib/python3.12/site-packages:${PYTHONPATH} /usr/bin/python3 -W ignore:setup.py install is deprecated -W ignore:easy_install command is deprecated setup.py egg_info --egg-base ../../build/my_pkg build --build-base /home/a/task7_individual/build/my_pkg/build install --record /home/a/task7_individual/build/my_pkg/install.log --install-scripts $base/lib/my_pkg --single-version-externally-managed install_data --force
[1.145s] running egg_info
[1.159s] writing ../../build/my_pkg/my_pkg.egg-info/PKG-INFO
[1.159s] writing dependency_links to ../../build/my_pkg/my_pkg.egg-info/dependency_links.txt
[1.159s] writing entry points to ../../build/my_pkg/my_pkg.egg-info/entry_points.txt
[1.159s] writing requirements to ../../build/my_pkg/my_pkg.egg-info/requires.txt
[1.159s] writing top-level names to ../../build/my_pkg/my_pkg.egg-info/top_level.txt
[1.187s] reading manifest file '../../build/my_pkg/my_pkg.egg-info/SOURCES.txt'
[1.188s] writing manifest file '../../build/my_pkg/my_pkg.egg-info/SOURCES.txt'
[1.188s] running build
[1.188s] running build_py
[1.188s] copying my_pkg/move_perception.py -> /home/a/task7_individual/build/my_pkg/build/lib/my_pkg
[1.188s] running install
[1.193s] running install_lib
[1.208s] copying /home/a/task7_individual/build/my_pkg/build/lib/my_pkg/move_perception.py -> /home/a/task7_individual/install/my_pkg/lib/python3.12/site-packages/my_pkg
[1.208s] copying /home/a/task7_individual/build/my_pkg/build/lib/my_pkg/__init__.py -> /home/a/task7_individual/install/my_pkg/lib/python3.12/site-packages/my_pkg
[1.209s] byte-compiling /home/a/task7_individual/install/my_pkg/lib/python3.12/site-packages/my_pkg/move_perception.py to move_perception.cpython-312.pyc
[1.210s] byte-compiling /home/a/task7_individual/install/my_pkg/lib/python3.12/site-packages/my_pkg/__init__.py to __init__.cpython-312.pyc
[1.210s] running install_data
[1.210s] copying resource/my_pkg -> /home/a/task7_individual/install/my_pkg/share/ament_index/resource_index/packages
[1.210s] copying package.xml -> /home/a/task7_individual/install/my_pkg/share/my_pkg
[1.210s] copying launch/robot_launch.launch.py -> /home/a/task7_individual/install/my_pkg/share/my_pkg/launch
[1.210s] running install_egg_info
[1.226s] Copying ../../build/my_pkg/my_pkg.egg-info to /home/a/task7_individual/install/my_pkg/lib/python3.12/site-packages/my_pkg-0.0.0-py3.12.egg-info
[1.227s] running install_scripts
[1.321s] Installing move_perception_node script to /home/a/task7_individual/install/my_pkg/lib/my_pkg
[1.321s] writing list of installed files to '/home/a/task7_individual/build/my_pkg/install.log'
[1.344s] Invoked command in '/home/a/task7_individual/src/my_pkg' returned '0': DEBUGINFOD_URLS=https://debuginfod.ubuntu.com PYTHONPATH=/home/a/task7_individual/build/my_pkg/prefix_override:/usr/lib/python3/dist-packages/colcon_core/task/python/colcon_distutils_commands:/home/a/task7_individual/install/my_pkg/lib/python3.12/site-packages:${PYTHONPATH} /usr/bin/python3 -W ignore:setup.py install is deprecated -W ignore:easy_install command is deprecated setup.py egg_info --egg-base ../../build/my_pkg build --build-base /home/a/task7_individual/build/my_pkg/build install --record /home/a/task7_individual/build/my_pkg/install.log --install-scripts $base/lib/my_pkg --single-version-externally-managed install_data --force
