[0.762s] Invoking command in '/home/a/task7_individual/src/my_pkg': DEBUGINFOD_URLS=https://debuginfod.ubuntu.com PYTHONPATH=/home/a/task7_individual/build/my_pkg/prefix_override:/usr/lib/python3/dist-packages/colcon_core/task/python/colcon_distutils_commands:/home/a/task7_individual/install/my_pkg/lib/python3.12/site-packages:${PYTHONPATH} /usr/bin/python3 -W ignore:setup.py install is deprecated -W ignore:easy_install command is deprecated setup.py egg_info --egg-base ../../build/my_pkg build --build-base /home/a/task7_individual/build/my_pkg/build install --record /home/a/task7_individual/build/my_pkg/install.log --install-scripts $base/lib/my_pkg --single-version-externally-managed install_data
[0.984s] running egg_info
[0.998s] writing ../../build/my_pkg/my_pkg.egg-info/PKG-INFO
[0.998s] writing dependency_links to ../../build/my_pkg/my_pkg.egg-info/dependency_links.txt
[0.998s] writing entry points to ../../build/my_pkg/my_pkg.egg-info/entry_points.txt
[0.999s] writing requirements to ../../build/my_pkg/my_pkg.egg-info/requires.txt
[0.999s] writing top-level names to ../../build/my_pkg/my_pkg.egg-info/top_level.txt
[1.030s] reading manifest file '../../build/my_pkg/my_pkg.egg-info/SOURCES.txt'
[1.031s] writing manifest file '../../build/my_pkg/my_pkg.egg-info/SOURCES.txt'
[1.031s] running build
[1.031s] running build_py
[1.031s] copying my_pkg/move_perception.py -> /home/a/task7_individual/build/my_pkg/build/lib/my_pkg
[1.032s] running install
[1.037s] running install_lib
[1.052s] copying /home/a/task7_individual/build/my_pkg/build/lib/my_pkg/move_perception.py -> /home/a/task7_individual/install/my_pkg/lib/python3.12/site-packages/my_pkg
[1.053s] byte-compiling /home/a/task7_individual/install/my_pkg/lib/python3.12/site-packages/my_pkg/move_perception.py to move_perception.cpython-312.pyc
[1.054s] running install_data
[1.055s] running install_egg_info
[1.070s] removing '/home/a/task7_individual/install/my_pkg/lib/python3.12/site-packages/my_pkg-0.0.0-py3.12.egg-info' (and everything under it)
[1.070s] Copying ../../build/my_pkg/my_pkg.egg-info to /home/a/task7_individual/install/my_pkg/lib/python3.12/site-packages/my_pkg-0.0.0-py3.12.egg-info
[1.071s] running install_scripts
[1.165s] Installing move_perception_node script to /home/a/task7_individual/install/my_pkg/lib/my_pkg
[1.166s] writing list of installed files to '/home/a/task7_individual/build/my_pkg/install.log'
[1.189s] Invoked command in '/home/a/task7_individual/src/my_pkg' returned '0': DEBUGINFOD_URLS=https://debuginfod.ubuntu.com PYTHONPATH=/home/a/task7_individual/build/my_pkg/prefix_override:/usr/lib/python3/dist-packages/colcon_core/task/python/colcon_distutils_commands:/home/a/task7_individual/install/my_pkg/lib/python3.12/site-packages:${PYTHONPATH} /usr/bin/python3 -W ignore:setup.py install is deprecated -W ignore:easy_install command is deprecated setup.py egg_info --egg-base ../../build/my_pkg build --build-base /home/a/task7_individual/build/my_pkg/build install --record /home/a/task7_individual/build/my_pkg/install.log --install-scripts $base/lib/my_pkg --single-version-externally-managed install_data
