[0.791s] Invoking command in '/home/a/task7_individual/src/my_pkg': DEBUGINFOD_URLS=https://debuginfod.ubuntu.com PYTHONPATH=/home/a/task7_individual/build/my_pkg/prefix_override:/usr/lib/python3/dist-packages/colcon_core/task/python/colcon_distutils_commands:/home/a/task7_individual/install/my_pkg/lib/python3.12/site-packages:${PYTHONPATH} /usr/bin/python3 -W ignore:setup.py install is deprecated -W ignore:easy_install command is deprecated setup.py egg_info --egg-base ../../build/my_pkg build --build-base /home/a/task7_individual/build/my_pkg/build install --record /home/a/task7_individual/build/my_pkg/install.log --install-scripts $base/lib/my_pkg --single-version-externally-managed install_data
[0.991s] running egg_info
[1.006s] writing ../../build/my_pkg/my_pkg.egg-info/PKG-INFO
[1.006s] writing dependency_links to ../../build/my_pkg/my_pkg.egg-info/dependency_links.txt
[1.007s] writing entry points to ../../build/my_pkg/my_pkg.egg-info/entry_points.txt
[1.007s] writing requirements to ../../build/my_pkg/my_pkg.egg-info/requires.txt
[1.007s] writing top-level names to ../../build/my_pkg/my_pkg.egg-info/top_level.txt
[1.039s] reading manifest file '../../build/my_pkg/my_pkg.egg-info/SOURCES.txt'
[1.040s] writing manifest file '../../build/my_pkg/my_pkg.egg-info/SOURCES.txt'
[1.040s] running build
[1.040s] running build_py
[1.040s] running install
[1.046s] running install_lib
[1.062s] running install_data
[1.062s] running install_egg_info
[1.077s] removing '/home/a/task7_individual/install/my_pkg/lib/python3.12/site-packages/my_pkg-0.0.0-py3.12.egg-info' (and everything under it)
[1.077s] Copying ../../build/my_pkg/my_pkg.egg-info to /home/a/task7_individual/install/my_pkg/lib/python3.12/site-packages/my_pkg-0.0.0-py3.12.egg-info
[1.078s] running install_scripts
[1.175s] Installing move_perception_node script to /home/a/task7_individual/install/my_pkg/lib/my_pkg
[1.176s] writing list of installed files to '/home/a/task7_individual/build/my_pkg/install.log'
[1.199s] Invoked command in '/home/a/task7_individual/src/my_pkg' returned '0': DEBUGINFOD_URLS=https://debuginfod.ubuntu.com PYTHONPATH=/home/a/task7_individual/build/my_pkg/prefix_override:/usr/lib/python3/dist-packages/colcon_core/task/python/colcon_distutils_commands:/home/a/task7_individual/install/my_pkg/lib/python3.12/site-packages:${PYTHONPATH} /usr/bin/python3 -W ignore:setup.py install is deprecated -W ignore:easy_install command is deprecated setup.py egg_info --egg-base ../../build/my_pkg build --build-base /home/a/task7_individual/build/my_pkg/build install --record /home/a/task7_individual/build/my_pkg/install.log --install-scripts $base/lib/my_pkg --single-version-externally-managed install_data
