[0.576s] Invoking command in '/home/a/task7_individual/src/my_pkg': DEBUGINFOD_URLS=https://debuginfod.ubuntu.com PYTHONPATH=/home/a/task7_individual/build/my_pkg/prefix_override:/usr/lib/python3/dist-packages/colcon_core/task/python/colcon_distutils_commands:/home/a/task7_individual/install/my_pkg/lib/python3.12/site-packages:${PYTHONPATH} /usr/bin/python3 -W ignore:setup.py install is deprecated -W ignore:easy_install command is deprecated setup.py egg_info --egg-base ../../build/my_pkg build --build-base /home/a/task7_individual/build/my_pkg/build install --record /home/a/task7_individual/build/my_pkg/install.log --install-scripts $base/lib/my_pkg --single-version-externally-managed install_data
[0.765s] running egg_info
[0.778s] writing ../../build/my_pkg/my_pkg.egg-info/PKG-INFO
[0.779s] writing dependency_links to ../../build/my_pkg/my_pkg.egg-info/dependency_links.txt
[0.779s] writing entry points to ../../build/my_pkg/my_pkg.egg-info/entry_points.txt
[0.779s] writing requirements to ../../build/my_pkg/my_pkg.egg-info/requires.txt
[0.779s] writing top-level names to ../../build/my_pkg/my_pkg.egg-info/top_level.txt
[0.808s] reading manifest file '../../build/my_pkg/my_pkg.egg-info/SOURCES.txt'
[0.808s] writing manifest file '../../build/my_pkg/my_pkg.egg-info/SOURCES.txt'
[0.809s] running build
[0.809s] running build_py
[0.809s] copying my_pkg/move_perception.py -> /home/a/task7_individual/build/my_pkg/build/lib/my_pkg
[0.809s] running install
[0.814s] running install_lib
[0.829s] copying /home/a/task7_individual/build/my_pkg/build/lib/my_pkg/move_perception.py -> /home/a/task7_individual/install/my_pkg/lib/python3.12/site-packages/my_pkg
[0.830s] byte-compiling /home/a/task7_individual/install/my_pkg/lib/python3.12/site-packages/my_pkg/move_perception.py to move_perception.cpython-312.pyc
[0.831s] running install_data
[0.831s] copying launch/robot_launch.launch.py -> /home/a/task7_individual/install/my_pkg/share/my_pkg/launch
[0.831s] running install_egg_info
[0.847s] removing '/home/a/task7_individual/install/my_pkg/lib/python3.12/site-packages/my_pkg-0.0.0-py3.12.egg-info' (and everything under it)
[0.847s] Copying ../../build/my_pkg/my_pkg.egg-info to /home/a/task7_individual/install/my_pkg/lib/python3.12/site-packages/my_pkg-0.0.0-py3.12.egg-info
[0.847s] running install_scripts
[0.941s] Installing move_perception_node script to /home/a/task7_individual/install/my_pkg/lib/my_pkg
[0.941s] writing list of installed files to '/home/a/task7_individual/build/my_pkg/install.log'
[0.964s] Invoked command in '/home/a/task7_individual/src/my_pkg' returned '0': DEBUGINFOD_URLS=https://debuginfod.ubuntu.com PYTHONPATH=/home/a/task7_individual/build/my_pkg/prefix_override:/usr/lib/python3/dist-packages/colcon_core/task/python/colcon_distutils_commands:/home/a/task7_individual/install/my_pkg/lib/python3.12/site-packages:${PYTHONPATH} /usr/bin/python3 -W ignore:setup.py install is deprecated -W ignore:easy_install command is deprecated setup.py egg_info --egg-base ../../build/my_pkg build --build-base /home/a/task7_individual/build/my_pkg/build install --record /home/a/task7_individual/build/my_pkg/install.log --install-scripts $base/lib/my_pkg --single-version-externally-managed install_data
