running develop
running egg_info
creating my_pkg.egg-info
writing my_pkg.egg-info/PKG-INFO
writing dependency_links to my_pkg.egg-info/dependency_links.txt
writing entry points to my_pkg.egg-info/entry_points.txt
writing requirements to my_pkg.egg-info/requires.txt
writing top-level names to my_pkg.egg-info/top_level.txt
writing manifest file 'my_pkg.egg-info/SOURCES.txt'
reading manifest file 'my_pkg.egg-info/SOURCES.txt'
writing manifest file 'my_pkg.egg-info/SOURCES.txt'
running build_ext
Creating /home/a/task7_individual/install/my_pkg/lib/python3.12/site-packages/my-pkg.egg-link (link to .)
Installing move_perception_node script to /home/a/task7_individual/install/my_pkg/lib/my_pkg

Installed /home/a/task7_individual/build/my_pkg
running symlink_data
creating /home/a/task7_individual/install/my_pkg/share/ament_index
creating /home/a/task7_individual/install/my_pkg/share/ament_index/resource_index
creating /home/a/task7_individual/install/my_pkg/share/ament_index/resource_index/packages
symbolically linking /home/a/task7_individual/build/my_pkg/resource/my_pkg -> /home/a/task7_individual/install/my_pkg/share/ament_index/resource_index/packages
symbolically linking /home/a/task7_individual/build/my_pkg/package.xml -> /home/a/task7_individual/install/my_pkg/share/my_pkg
