running develop
Removing /home/a/task7_individual/install/my_pkg/lib/python3.12/site-packages/my-pkg.egg-link (link to .)
running egg_info
writing ../../build/my_pkg/my_pkg.egg-info/PKG-INFO
writing dependency_links to ../../build/my_pkg/my_pkg.egg-info/dependency_links.txt
writing entry points to ../../build/my_pkg/my_pkg.egg-info/entry_points.txt
writing requirements to ../../build/my_pkg/my_pkg.egg-info/requires.txt
writing top-level names to ../../build/my_pkg/my_pkg.egg-info/top_level.txt
reading manifest file '../../build/my_pkg/my_pkg.egg-info/SOURCES.txt'
writing manifest file '../../build/my_pkg/my_pkg.egg-info/SOURCES.txt'
running build
running build_py
creating /home/a/task7_individual/build/my_pkg/build
creating /home/a/task7_individual/build/my_pkg/build/lib
creating /home/a/task7_individual/build/my_pkg/build/lib/my_pkg
copying my_pkg/move_perception.py -> /home/a/task7_individual/build/my_pkg/build/lib/my_pkg
copying my_pkg/__init__.py -> /home/a/task7_individual/build/my_pkg/build/lib/my_pkg
running install
running install_lib
creating /home/a/task7_individual/install/my_pkg/lib/python3.12/site-packages/my_pkg
copying /home/a/task7_individual/build/my_pkg/build/lib/my_pkg/move_perception.py -> /home/a/task7_individual/install/my_pkg/lib/python3.12/site-packages/my_pkg
copying /home/a/task7_individual/build/my_pkg/build/lib/my_pkg/__init__.py -> /home/a/task7_individual/install/my_pkg/lib/python3.12/site-packages/my_pkg
byte-compiling /home/a/task7_individual/install/my_pkg/lib/python3.12/site-packages/my_pkg/move_perception.py to move_perception.cpython-312.pyc
byte-compiling /home/a/task7_individual/install/my_pkg/lib/python3.12/site-packages/my_pkg/__init__.py to __init__.cpython-312.pyc
running install_data
copying resource/my_pkg -> /home/a/task7_individual/install/my_pkg/share/ament_index/resource_index/packages
copying package.xml -> /home/a/task7_individual/install/my_pkg/share/my_pkg
running install_egg_info
Copying ../../build/my_pkg/my_pkg.egg-info to /home/a/task7_individual/install/my_pkg/lib/python3.12/site-packages/my_pkg-0.0.0-py3.12.egg-info
running install_scripts
Installing move_perception_node script to /home/a/task7_individual/install/my_pkg/lib/my_pkg
writing list of installed files to '/home/a/task7_individual/build/my_pkg/install.log'
