[0.861s] Invoking command in '/home/a/task7_individual/build/my_pkg': DEBUGINFOD_URLS=https://debuginfod.ubuntu.com PYTHONPATH=/home/a/task7_individual/build/my_pkg/prefix_override:/usr/lib/python3/dist-packages/colcon_core/task/python/colcon_distutils_commands:/home/a/task7_individual/install/my_pkg/lib/python3.12/site-packages:${PYTHONPATH} /usr/bin/python3 -W ignore:setup.py install is deprecated -W ignore:easy_install command is deprecated setup.py develop --uninstall --editable --build-directory /home/a/task7_individual/build/my_pkg/build
[1.172s] running develop
[1.375s] Removing /home/a/task7_individual/install/my_pkg/lib/python3.12/site-packages/my-pkg.egg-link (link to .)
[1.411s] Invoked command in '/home/a/task7_individual/build/my_pkg' returned '0': DEBUGINFOD_URLS=https://debuginfod.ubuntu.com PYTHONPATH=/home/a/task7_individual/build/my_pkg/prefix_override:/usr/lib/python3/dist-packages/colcon_core/task/python/colcon_distutils_commands:/home/a/task7_individual/install/my_pkg/lib/python3.12/site-packages:${PYTHONPATH} /usr/bin/python3 -W ignore:setup.py install is deprecated -W ignore:easy_install command is deprecated setup.py develop --uninstall --editable --build-directory /home/a/task7_individual/build/my_pkg/build
[1.412s] Invoking command in '/home/a/task7_individual/src/my_pkg': DEBUGINFOD_URLS=https://debuginfod.ubuntu.com PYTHONPATH=/home/a/task7_individual/build/my_pkg/prefix_override:/usr/lib/python3/dist-packages/colcon_core/task/python/colcon_distutils_commands:/home/a/task7_individual/install/my_pkg/lib/python3.12/site-packages:${PYTHONPATH} /usr/bin/python3 -W ignore:setup.py install is deprecated -W ignore:easy_install command is deprecated setup.py egg_info --egg-base ../../build/my_pkg build --build-base /home/a/task7_individual/build/my_pkg/build install --record /home/a/task7_individual/build/my_pkg/install.log --install-scripts $base/lib/my_pkg --single-version-externally-managed install_data --force
[1.712s] running egg_info
[1.732s] writing ../../build/my_pkg/my_pkg.egg-info/PKG-INFO
[1.732s] writing dependency_links to ../../build/my_pkg/my_pkg.egg-info/dependency_links.txt
[1.733s] writing entry points to ../../build/my_pkg/my_pkg.egg-info/entry_points.txt
[1.733s] writing requirements to ../../build/my_pkg/my_pkg.egg-info/requires.txt
[1.733s] writing top-level names to ../../build/my_pkg/my_pkg.egg-info/top_level.txt
[1.776s] reading manifest file '../../build/my_pkg/my_pkg.egg-info/SOURCES.txt'
[1.777s] writing manifest file '../../build/my_pkg/my_pkg.egg-info/SOURCES.txt'
[1.777s] running build
[1.777s] running build_py
[1.777s] creating /home/a/task7_individual/build/my_pkg/build
[1.777s] creating /home/a/task7_individual/build/my_pkg/build/lib
[1.777s] creating /home/a/task7_individual/build/my_pkg/build/lib/my_pkg
[1.778s] copying my_pkg/move_perception.py -> /home/a/task7_individual/build/my_pkg/build/lib/my_pkg
[1.778s] copying my_pkg/__init__.py -> /home/a/task7_individual/build/my_pkg/build/lib/my_pkg
[1.778s] running install
[1.784s] running install_lib
[1.803s] creating /home/a/task7_individual/install/my_pkg/lib/python3.12/site-packages/my_pkg
[1.804s] copying /home/a/task7_individual/build/my_pkg/build/lib/my_pkg/move_perception.py -> /home/a/task7_individual/install/my_pkg/lib/python3.12/site-packages/my_pkg
[1.804s] copying /home/a/task7_individual/build/my_pkg/build/lib/my_pkg/__init__.py -> /home/a/task7_individual/install/my_pkg/lib/python3.12/site-packages/my_pkg
[1.804s] byte-compiling /home/a/task7_individual/install/my_pkg/lib/python3.12/site-packages/my_pkg/move_perception.py to move_perception.cpython-312.pyc
[1.805s] byte-compiling /home/a/task7_individual/install/my_pkg/lib/python3.12/site-packages/my_pkg/__init__.py to __init__.cpython-312.pyc
[1.805s] running install_data
[1.805s] copying resource/my_pkg -> /home/a/task7_individual/install/my_pkg/share/ament_index/resource_index/packages
[1.805s] copying package.xml -> /home/a/task7_individual/install/my_pkg/share/my_pkg
[1.805s] running install_egg_info
[1.826s] Copying ../../build/my_pkg/my_pkg.egg-info to /home/a/task7_individual/install/my_pkg/lib/python3.12/site-packages/my_pkg-0.0.0-py3.12.egg-info
[1.826s] running install_scripts
[1.956s] Installing move_perception_node script to /home/a/task7_individual/install/my_pkg/lib/my_pkg
[1.956s] writing list of installed files to '/home/a/task7_individual/build/my_pkg/install.log'
[1.988s] Invoked command in '/home/a/task7_individual/src/my_pkg' returned '0': DEBUGINFOD_URLS=https://debuginfod.ubuntu.com PYTHONPATH=/home/a/task7_individual/build/my_pkg/prefix_override:/usr/lib/python3/dist-packages/colcon_core/task/python/colcon_distutils_commands:/home/a/task7_individual/install/my_pkg/lib/python3.12/site-packages:${PYTHONPATH} /usr/bin/python3 -W ignore:setup.py install is deprecated -W ignore:easy_install command is deprecated setup.py egg_info --egg-base ../../build/my_pkg build --build-base /home/a/task7_individual/build/my_pkg/build install --record /home/a/task7_individual/build/my_pkg/install.log --install-scripts $base/lib/my_pkg --single-version-externally-managed install_data --force
