[0.781s] Invoking command in '/home/a/task7_individual/src/my_pkg': DEBUGINFOD_URLS=https://debuginfod.ubuntu.com PYTHONPATH=/home/a/task7_individual/build/my_pkg/prefix_override:/usr/lib/python3/dist-packages/colcon_core/task/python/colcon_distutils_commands:/home/a/task7_individual/install/my_pkg/lib/python3.12/site-packages:${PYTHONPATH} /usr/bin/python3 -W ignore:setup.py install is deprecated -W ignore:easy_install command is deprecated setup.py egg_info --egg-base ../../build/my_pkg build --build-base /home/a/task7_individual/build/my_pkg/build install --record /home/a/task7_individual/build/my_pkg/install.log --install-scripts $base/lib/my_pkg --single-version-externally-managed install_data
[0.983s] running egg_info
[0.983s] creating ../../build/my_pkg/my_pkg.egg-info
[0.998s] writing ../../build/my_pkg/my_pkg.egg-info/PKG-INFO
[0.998s] writing dependency_links to ../../build/my_pkg/my_pkg.egg-info/dependency_links.txt
[0.998s] writing requirements to ../../build/my_pkg/my_pkg.egg-info/requires.txt
[0.998s] writing top-level names to ../../build/my_pkg/my_pkg.egg-info/top_level.txt
[0.998s] writing manifest file '../../build/my_pkg/my_pkg.egg-info/SOURCES.txt'
[1.027s] reading manifest file '../../build/my_pkg/my_pkg.egg-info/SOURCES.txt'
[1.027s] writing manifest file '../../build/my_pkg/my_pkg.egg-info/SOURCES.txt'
[1.028s] running build
[1.028s] running build_py
[1.028s] creating /home/a/task7_individual/build/my_pkg/build
[1.028s] creating /home/a/task7_individual/build/my_pkg/build/lib
[1.028s] creating /home/a/task7_individual/build/my_pkg/build/lib/my_pkg
[1.028s] copying my_pkg/move_perception.py -> /home/a/task7_individual/build/my_pkg/build/lib/my_pkg
[1.028s] copying my_pkg/__init__.py -> /home/a/task7_individual/build/my_pkg/build/lib/my_pkg
[1.028s] running install
[1.034s] running install_lib
[1.049s] creating /home/a/task7_individual/install/my_pkg/lib/python3.12/site-packages/my_pkg
[1.049s] copying /home/a/task7_individual/build/my_pkg/build/lib/my_pkg/move_perception.py -> /home/a/task7_individual/install/my_pkg/lib/python3.12/site-packages/my_pkg
[1.049s] copying /home/a/task7_individual/build/my_pkg/build/lib/my_pkg/__init__.py -> /home/a/task7_individual/install/my_pkg/lib/python3.12/site-packages/my_pkg
[1.049s] byte-compiling /home/a/task7_individual/install/my_pkg/lib/python3.12/site-packages/my_pkg/move_perception.py to move_perception.cpython-312.pyc
[1.049s] byte-compiling /home/a/task7_individual/install/my_pkg/lib/python3.12/site-packages/my_pkg/__init__.py to __init__.cpython-312.pyc
[1.049s] running install_data
[1.049s] creating /home/a/task7_individual/install/my_pkg/share/ament_index
[1.050s] creating /home/a/task7_individual/install/my_pkg/share/ament_index/resource_index
[1.050s] creating /home/a/task7_individual/install/my_pkg/share/ament_index/resource_index/packages
[1.050s] copying resource/my_pkg -> /home/a/task7_individual/install/my_pkg/share/ament_index/resource_index/packages
[1.050s] copying package.xml -> /home/a/task7_individual/install/my_pkg/share/my_pkg
[1.050s] running install_egg_info
[1.068s] Copying ../../build/my_pkg/my_pkg.egg-info to /home/a/task7_individual/install/my_pkg/lib/python3.12/site-packages/my_pkg-0.0.0-py3.12.egg-info
[1.069s] running install_scripts
[1.168s] writing list of installed files to '/home/a/task7_individual/build/my_pkg/install.log'
[1.191s] Invoked command in '/home/a/task7_individual/src/my_pkg' returned '0': DEBUGINFOD_URLS=https://debuginfod.ubuntu.com PYTHONPATH=/home/a/task7_individual/build/my_pkg/prefix_override:/usr/lib/python3/dist-packages/colcon_core/task/python/colcon_distutils_commands:/home/a/task7_individual/install/my_pkg/lib/python3.12/site-packages:${PYTHONPATH} /usr/bin/python3 -W ignore:setup.py install is deprecated -W ignore:easy_install command is deprecated setup.py egg_info --egg-base ../../build/my_pkg build --build-base /home/a/task7_individual/build/my_pkg/build install --record /home/a/task7_individual/build/my_pkg/install.log --install-scripts $base/lib/my_pkg --single-version-externally-managed install_data
