[0.600s] Invoking command in '/home/a/task7_individual/src/my_pkg': DEBUGINFOD_URLS=https://debuginfod.ubuntu.com PYTHONPATH=/home/a/task7_individual/build/my_pkg/prefix_override:/usr/lib/python3/dist-packages/colcon_core/task/python/colcon_distutils_commands:/home/a/task7_individual/install/my_pkg/lib/python3.12/site-packages:${PYTHONPATH} /usr/bin/python3 -W ignore:setup.py install is deprecated -W ignore:easy_install command is deprecated setup.py egg_info --egg-base ../../build/my_pkg build --build-base /home/a/task7_individual/build/my_pkg/build install --record /home/a/task7_individual/build/my_pkg/install.log --install-scripts $base/lib/my_pkg --single-version-externally-managed install_data
[0.789s] running egg_info
[0.804s] writing ../../build/my_pkg/my_pkg.egg-info/PKG-INFO
[0.804s] writing dependency_links to ../../build/my_pkg/my_pkg.egg-info/dependency_links.txt
[0.804s] writing entry points to ../../build/my_pkg/my_pkg.egg-info/entry_points.txt
[0.804s] writing requirements to ../../build/my_pkg/my_pkg.egg-info/requires.txt
[0.804s] writing top-level names to ../../build/my_pkg/my_pkg.egg-info/top_level.txt
[0.835s] reading manifest file '../../build/my_pkg/my_pkg.egg-info/SOURCES.txt'
[0.835s] writing manifest file '../../build/my_pkg/my_pkg.egg-info/SOURCES.txt'
[0.836s] running build
[0.836s] running build_py
[0.836s] running install
[0.841s] running install_lib
[0.856s] running install_data
[0.856s] running install_egg_info
[0.874s] removing '/home/a/task7_individual/install/my_pkg/lib/python3.12/site-packages/my_pkg-0.0.0-py3.12.egg-info' (and everything under it)
[0.874s] Copying ../../build/my_pkg/my_pkg.egg-info to /home/a/task7_individual/install/my_pkg/lib/python3.12/site-packages/my_pkg-0.0.0-py3.12.egg-info
[0.875s] running install_scripts
[0.969s] Installing move_perception_node script to /home/a/task7_individual/install/my_pkg/lib/my_pkg
[0.969s] writing list of installed files to '/home/a/task7_individual/build/my_pkg/install.log'
[0.993s] Invoked command in '/home/a/task7_individual/src/my_pkg' returned '0': DEBUGINFOD_URLS=https://debuginfod.ubuntu.com PYTHONPATH=/home/a/task7_individual/build/my_pkg/prefix_override:/usr/lib/python3/dist-packages/colcon_core/task/python/colcon_distutils_commands:/home/a/task7_individual/install/my_pkg/lib/python3.12/site-packages:${PYTHONPATH} /usr/bin/python3 -W ignore:setup.py install is deprecated -W ignore:easy_install command is deprecated setup.py egg_info --egg-base ../../build/my_pkg build --build-base /home/a/task7_individual/build/my_pkg/build install --record /home/a/task7_individual/build/my_pkg/install.log --install-scripts $base/lib/my_pkg --single-version-externally-managed install_data
